Warning: You are sending unauthenticated requests to the HF Hub. Please set a HF_TOKEN to enable higher rate limits and faster downloads.

Loading weights:   0%|          | 0/197 [00:00<?, ?it/s]
Loading weights:  65%|######5   | 129/197 [00:00<00:00, 1287.73it/s]
Loading weights: 100%|##########| 197/197 [00:00<00:00, 1587.47it/s]
[transformers] RobertaForSequenceClassification LOAD REPORT from: roberta-base
Key                        | Status     | 
---------------------------+------------+-
lm_head.dense.weight       | UNEXPECTED | 
lm_head.layer_norm.weight  | UNEXPECTED | 
lm_head.layer_norm.bias    | UNEXPECTED | 
lm_head.dense.bias         | UNEXPECTED | 
lm_head.bias               | UNEXPECTED | 
classifier.out_proj.bias   | MISSING    | 
classifier.out_proj.weight | MISSING    | 
classifier.dense.weight    | MISSING    | 
classifier.dense.bias      | MISSING    | 

Notes:
- UNEXPECTED:	can be ignored when loading from different task/architecture; not ok if you expect identical arch.
- MISSING:	those params were newly initialized because missing from the checkpoint. Consider training on your downstream task.
{
  "passed": true,
  "device": "cuda",
  "gpu": "NVIDIA GeForce RTX 2070 SUPER",
  "text_batch_shape": [
    8,
    2
  ],
  "image_batch_shape": [
    4,
    2
  ],
  "labels_aligned": true,
  "output_root": "F:\\data sci\\project\\v2\\experiments\\source_disjoint"
}
